f01050c16e6f35903c0f1e4d5bc9a0b8 f01050c16e6f35903c0f1e4d5bc9a0b8 1e6e2131b545c97d3791e542561874e1 2b23774ab808a8ee3751c8ee245518f0 1 test/1362229516.730336.ppm
